// Jest Snapshot v1, https://goo.gl/fbAQLP

exports[`Test component Should render test componet 1`] = `
<h1>
  Test.....
</h1>
`;
